#
# There is insufficient memory for the Java Runtime Environment to continue.
# Native memory allocation (mmap) failed to map 536870912 bytes. Error detail: G1 virtual space
# Possible reasons:
#   The system is out of physical RAM or swap space
#   This process is running with CompressedOops enabled, and the Java Heap may be blocking the growth of the native heap
# Possible solutions:
#   Reduce memory load on the system
#   Increase physical memory or swap space
#   Check if swap backing store is full
#   Decrease Java heap size (-Xmx/-Xms)
#   Decrease number of Java threads
#   Decrease Java thread stack sizes (-Xss)
#   Set larger code cache with -XX:ReservedCodeCacheSize=
#   JVM is running with Zero Based Compressed Oops mode in which the Java heap is
#     placed in the first 32GB address space. The Java Heap base address is the
#     maximum limit for the native heap growth. Please use -XX:HeapBaseMinAddress
#     to set the Java Heap base and to place the Java Heap above 32GB virtual address.
# This output file may be truncated or incomplete.
#
#  Out of Memory Error (os_windows.cpp:3618), pid=45048, tid=43724
#
# JRE version:  (17.0.16+8) (build )
# Java VM: OpenJDK 64-Bit Server VM (17.0.16+8, mixed mode, sharing, tiered, compressed oops, compressed class ptrs, g1 gc, windows-amd64)
# No core dump will be written. Minidumps are not enabled by default on client versions of Windows
#

---------------  S U M M A R Y ------------

Command Line: net.bytebuddy.agent.Attacher com.sun.tools.attach.VirtualMachine 57416 C:\Users\MilanMajchrák\.m2\repository\net\bytebuddy\byte-buddy-agent\1.11.13\byte-buddy-agent-1.11.13.jar false 

Host: AMD Ryzen 5 3600 6-Core Processor              , 12 cores, 31G,  Windows 11 , 64 bit Build 26100 (10.0.26100.8521)
Time: Wed Jul  1 14:56:37 2026 Central Europe Daylight Time elapsed time: 1.406116 seconds (0d 0h 0m 1s)

---------------  T H R E A D  ---------------

Current thread (0x0000028f033f0aa0):  JavaThread "Unknown thread" [_thread_in_vm, id=43724, stack(0x000000b145800000,0x000000b145900000)]

Stack: [0x000000b145800000,0x000000b145900000]
Native frames: (J=compiled Java code, j=interpreted, Vv=VM code, C=native code)
V  [jvm.dll+0x683169]
V  [jvm.dll+0x839ac8]
V  [jvm.dll+0x83b573]
V  [jvm.dll+0x83bbe3]
V  [jvm.dll+0x2473ff]
V  [jvm.dll+0x67ff49]
V  [jvm.dll+0x674e3a]
V  [jvm.dll+0x304ea6]
V  [jvm.dll+0x30c366]
V  [jvm.dll+0x35deee]
V  [jvm.dll+0x35e12d]
V  [jvm.dll+0x2dc26c]
V  [jvm.dll+0x2dd184]
V  [jvm.dll+0x80ba1b]
V  [jvm.dll+0x36b921]
V  [jvm.dll+0x7ea5df]
V  [jvm.dll+0x3f24fe]
V  [jvm.dll+0x3f4031]
C  [jli.dll+0x5278]
C  [ucrtbase.dll+0x2cd30]
C  [KERNEL32.DLL+0x2e957]
C  [ntdll.dll+0x87c1c]


---------------  P R O C E S S  ---------------

Threads class SMR info:
_java_thread_list=0x00007ffa39497f58, length=0, elements={
}

Java Threads: ( => current thread )

Other Threads:
  0x0000028f0345b860 GCTaskThread "GC Thread#0" [stack: 0x000000b145900000,0x000000b145a00000] [id=27000]
  0x0000028f0346c730 ConcurrentGCThread "G1 Main Marker" [stack: 0x000000b145a00000,0x000000b145b00000] [id=51772]
  0x0000028f0346ee30 ConcurrentGCThread "G1 Conc#0" [stack: 0x000000b145b00000,0x000000b145c00000] [id=35256]

[error occurred during error reporting (printing all threads), id 0xc0000005, EXCEPTION_ACCESS_VIOLATION (0xc0000005) at pc=0x00007ffa38c4cd97]

VM state: not at safepoint (not fully initialized)

VM Mutex/Monitor currently owned by a thread:  ([mutex/lock_event])
[0x0000028f0116a7e0] Heap_lock - owner thread: 0x0000028f033f0aa0

Heap address: 0x0000000601000000, size: 8176 MB, Compressed Oops mode: Zero based, Oop shift amount: 3

CDS archive(s) mapped at: [0x0000000000000000-0x0000000000000000-0x0000000000000000), size 0, SharedBaseAddress: 0x0000000800000000, ArchiveRelocationMode: 1.
Narrow klass base: 0x0000000000000000, Narrow klass shift: 0, Narrow klass range: 0x0

GC Precious Log:
<Empty>

Heap:
 garbage-first heap   total 0K, used 0K [0x0000000601000000, 0x0000000800000000)
  region size 4096K, 0 young (0K), 0 survivors (0K)

[error occurred during error reporting (printing heap information), id 0xc0000005, EXCEPTION_ACCESS_VIOLATION (0xc0000005) at pc=0x00007ffa3903c869]

GC Heap History (0 events):
No events

Dll operation events (1 events):
Event: 0.012 Loaded shared library C:\Program Files\Java\jdk-17.0.16.8\bin\java.dll

Deoptimization events (0 events):
No events

Classes loaded (0 events):
No events

Classes unloaded (0 events):
No events

Classes redefined (0 events):
No events

Internal exceptions (0 events):
No events

VM Operations (0 events):
No events

Memory protections (0 events):
No events

Nmethod flushes (0 events):
No events

Events (0 events):
No events


Dynamic libraries:
0x00007ff68bee0000 - 0x00007ff68beee000 	C:\Program Files\Java\jdk-17.0.16.8\bin\java.exe
0x00007ffacc4e0000 - 0x00007ffacc746000 	C:\WINDOWS\SYSTEM32\ntdll.dll
0x00007ffaca720000 - 0x00007ffaca7e9000 	C:\WINDOWS\System32\KERNEL32.DLL
0x00007ffac9850000 - 0x00007ffac9c4a000 	C:\WINDOWS\System32\KERNELBASE.dll
0x00007ffac6440000 - 0x00007ffac64e0000 	C:\WINDOWS\SYSTEM32\apphelp.dll
0x00007ffac9dd0000 - 0x00007ffac9f1c000 	C:\WINDOWS\System32\ucrtbase.dll
0x00007ffaa8630000 - 0x00007ffaa864e000 	C:\Program Files\Java\jdk-17.0.16.8\bin\VCRUNTIME140.dll
0x00007ffaa87b0000 - 0x00007ffaa87c7000 	C:\Program Files\Java\jdk-17.0.16.8\bin\jli.dll
0x00007ffacb640000 - 0x00007ffacb807000 	C:\WINDOWS\System32\USER32.dll
0x00007ffac9770000 - 0x00007ffac9797000 	C:\WINDOWS\System32\win32u.dll
0x00007ffacb8a0000 - 0x00007ffacb8cb000 	C:\WINDOWS\System32\GDI32.dll
0x00007ffaae1d0000 - 0x00007ffaae462000 	C:\WINDOWS\WinSxS\amd64_microsoft.windows.common-controls_6595b64144ccf1df_6.0.26100.8521_none_3e08b75ce33403b3\COMCTL32.dll
0x00007ffac9f20000 - 0x00007ffaca04b000 	C:\WINDOWS\System32\gdi32full.dll
0x00007ffaca4e0000 - 0x00007ffaca589000 	C:\WINDOWS\System32\msvcrt.dll
0x00007ffac97a0000 - 0x00007ffac9843000 	C:\WINDOWS\System32\msvcp_win.dll
0x00007ffacafa0000 - 0x00007ffacafd2000 	C:\WINDOWS\System32\IMM32.DLL
0x00007ffab9430000 - 0x00007ffab943c000 	C:\Program Files\Java\jdk-17.0.16.8\bin\vcruntime140_1.dll
0x00007ffa830c0000 - 0x00007ffa8314d000 	C:\Program Files\Java\jdk-17.0.16.8\bin\msvcp140.dll
0x00007ffa38960000 - 0x00007ffa395cb000 	C:\Program Files\Java\jdk-17.0.16.8\bin\server\jvm.dll
0x00007ffacbbc0000 - 0x00007ffacbc76000 	C:\WINDOWS\System32\ADVAPI32.dll
0x00007ffaca7f0000 - 0x00007ffaca89a000 	C:\WINDOWS\System32\sechost.dll
0x00007ffaca600000 - 0x00007ffaca718000 	C:\WINDOWS\System32\RPCRT4.dll
0x00007ffacc410000 - 0x00007ffacc490000 	C:\WINDOWS\System32\WS2_32.dll
0x00007ffac95d0000 - 0x00007ffac962e000 	C:\WINDOWS\SYSTEM32\POWRPROF.dll
0x00007ffac07c0000 - 0x00007ffac07cb000 	C:\WINDOWS\SYSTEM32\VERSION.dll
0x00007ffab84e0000 - 0x00007ffab8516000 	C:\WINDOWS\SYSTEM32\WINMM.dll
0x00007ffac95b0000 - 0x00007ffac95c4000 	C:\WINDOWS\SYSTEM32\UMPDC.dll
0x00007ffac8390000 - 0x00007ffac83ab000 	C:\WINDOWS\SYSTEM32\kernel.appcore.dll
0x00007ffab8f40000 - 0x00007ffab8f4a000 	C:\Program Files\Java\jdk-17.0.16.8\bin\jimage.dll
0x00007ffac3180000 - 0x00007ffac33c2000 	C:\WINDOWS\SYSTEM32\DBGHELP.DLL
0x00007ffacb220000 - 0x00007ffacb5a3000 	C:\WINDOWS\System32\combase.dll
0x00007ffacafe0000 - 0x00007ffacb0b9000 	C:\WINDOWS\System32\OLEAUT32.dll
0x00007ffac30b0000 - 0x00007ffac30eb000 	C:\WINDOWS\SYSTEM32\dbgcore.DLL
0x00007ffaca1a0000 - 0x00007ffaca248000 	C:\WINDOWS\System32\bcryptPrimitives.dll
0x00007ffaa3fe0000 - 0x00007ffaa4005000 	C:\Program Files\Java\jdk-17.0.16.8\bin\java.dll

dbghelp: loaded successfully - version: 4.0.5 - missing functions: none
symbol engine: initialized successfully - sym options: 0x614 - pdb path: .;C:\Program Files\Java\jdk-17.0.16.8\bin;C:\WINDOWS\SYSTEM32;C:\WINDOWS\WinSxS\amd64_microsoft.windows.common-controls_6595b64144ccf1df_6.0.26100.8521_none_3e08b75ce33403b3;C:\Program Files\Java\jdk-17.0.16.8\bin\server

VM Arguments:
java_command: net.bytebuddy.agent.Attacher com.sun.tools.attach.VirtualMachine 57416 C:\Users\MilanMajchrák\.m2\repository\net\bytebuddy\byte-buddy-agent\1.11.13\byte-buddy-agent-1.11.13.jar false 
java_class_path (initial): C:\Users\MilanMajchrák\.m2\repository\net\bytebuddy\byte-buddy-agent\1.11.13\byte-buddy-agent-1.11.13.jar
Launcher Type: SUN_STANDARD

[Global flags]
     intx CICompilerCount                          = 4                                         {product} {ergonomic}
     uint ConcGCThreads                            = 3                                         {product} {ergonomic}
     uint G1ConcRefinementThreads                  = 10                                        {product} {ergonomic}
   size_t G1HeapRegionSize                         = 4194304                                   {product} {ergonomic}
    uintx GCDrainStackTargetSize                   = 64                                        {product} {ergonomic}
   size_t InitialHeapSize                          = 536870912                                 {product} {ergonomic}
   size_t MarkStackSize                            = 4194304                                   {product} {ergonomic}
   size_t MaxHeapSize                              = 8573157376                                {product} {ergonomic}
   size_t MinHeapDeltaBytes                        = 4194304                                   {product} {ergonomic}
   size_t MinHeapSize                              = 8388608                                   {product} {ergonomic}
    uintx NonNMethodCodeHeapSize                   = 5839372                                {pd product} {ergonomic}
    uintx NonProfiledCodeHeapSize                  = 122909434                              {pd product} {ergonomic}
    uintx ProfiledCodeHeapSize                     = 122909434                              {pd product} {ergonomic}
    uintx ReservedCodeCacheSize                    = 251658240                              {pd product} {ergonomic}
     bool SegmentedCodeCache                       = true                                      {product} {ergonomic}
   size_t SoftMaxHeapSize                          = 8573157376                             {manageable} {ergonomic}
     bool UseCompressedClassPointers               = true                           {product lp64_product} {ergonomic}
     bool UseCompressedOops                        = true                           {product lp64_product} {ergonomic}
     bool UseG1GC                                  = true                                      {product} {ergonomic}
     bool UseLargePagesIndividualAllocation        = false                                  {pd product} {ergonomic}

Logging:
Log output configuration:
 #0: stdout all=warning uptime,level,tags
 #1: stderr all=off uptime,level,tags

Environment Variables:
JAVA_HOME=C:/Program Files/Java/jdk-17.0.16.8
PATH=C:\Users\MilanMajchrák\bin;C:\Program Files\Git\mingw64\bin;C:\Program Files\Git\usr\local\bin;C:\Program Files\Git\usr\bin;C:\Program Files\Git\usr\bin;C:\Program Files\Git\mingw64\bin;C:\Program Files\Git\usr\bin;C:\Users\MilanMajchrák\bin;C:\Program Files\Eclipse Adoptium\jdk-17.0.16.8-hotspot\bin;C:\Program Files\Eclipse Adoptium\jdk-11.0.28.6-hotspot\bin;C:\WINDOWS\system32;C:\WINDOWS;C:\WINDOWS\System32\Wbem;C:\WINDOWS\System32\WindowsPowerShell\v1.0;C:\WINDOWS\System32\OpenSSH;C:\Program Files\Java\jdk-17.0.16.8\bin;C:\workspace\apps\apache-maven-3.8.3\bin;C:\workspace\apps\apache-ant-1.10.9\bin;C:\workspace\apps\apache-artemis-2.19.0\bin;C:\workspace\apps\apache-activemq-5.16.3\bin;C:\Program Files (x86)\NVIDIA Corporation\PhysX\Common;C:\workspace\apps\gradle-7.1.1\bin;C:\Program Files\NVIDIA Corporation\NVIDIA NvDLISR;C:\Program Files\PuTTY;C:\workspace\apps\node-v14.18.0-win-x64;C:\workspace\apps\yarn\bin;C:\workspace\apps\wget;C:\workspace\apps\libwebp-1.4.0-windows-x64\bin;C:\Program Files\Git\cmd;C:\Program Files\GitHub CLI;C:\Program Files\Amazon\AWSCLIV2;C:\workspace\apps\terraform;C:\workspace\apps\nvm;C:\nvm4w\nodejs2\nodejs;C:\WINDOWS\system32;C:\WINDOWS;C:\WINDOWS\System32\Wbem;C:\WINDOWS\System32\WindowsPowerShell\v1.0;C:\WINDOWS\System32\OpenSSH;C:\Program Files\Docker\Docker\resources\bin;C:\Program Files\Python\Scripts;C:\Program Files\Python;C:\workspace\apps\Scripts;C:\workspace\apps;C:\Users\MilanMajchrák\AppData\Local\Microsoft\WindowsApps;C:\Program Files\JetBrains\IntelliJ IDEA Community Edition 2024.2.1\bin;C:\Users\MilanMajchrák\AppData\Local\Programs\Microsoft VS Code\bin;C:\Program Files\JetBrains\WebStorm 2021.2.2\bin;C:\workspace\apps\make-3.81\bin;C:\Program Files\7-Zip;C:\Program Files\JetBrains\PyCharm Community Edition 2022.3.2\bin;C:\Users\MilanMajchrák\AppData\Local\GitHubDesktop\bin;C:\Users\MilanMajchrák\AppData\Local\Yarn\bin;C:\workspace\apps\nvm;C:\nvm4w\nodejs2\nodejs;C:\Users\MilanMajchrák\AppData\Roaming\npm;C:\Program Files\Git\usr\bin\vendor_perl;C:\Program Files\Git\usr\bin\core_perl
USERNAME=MilanMajchrák
SHELL=C:\Program Files\Git\usr\bin\bash.exe
TERM=xterm-256color
OS=Windows_NT
PROCESSOR_IDENTIFIER=AMD64 Family 23 Model 113 Stepping 0, AuthenticAMD
TMP=C:\Users\MILANM~1\AppData\Local\Temp
TEMP=C:\Users\MILANM~1\AppData\Local\Temp



Periodic native trim disabled


---------------  S Y S T E M  ---------------

OS:
 Windows 11 , 64 bit Build 26100 (10.0.26100.8521)
OS uptime: 21 days 17:07 hours
Hyper-V role detected

CPU: total 12 (initial active 12) (12 cores per cpu, 2 threads per core) family 23 model 113 stepping 0 microcode 0x8701035, cx8, cmov, fxsr, ht, mmx, 3dnowpref, sse, sse2, sse3, ssse3, sse4a, sse4.1, sse4.2, popcnt, lzcnt, tsc, tscinvbit, avx, avx2, aes, clmul, bmi1, bmi2, adx, sha, fma, vzeroupper, clflush, clflushopt, hv
Processor Information for all 12 processors :
  Max Mhz: 3600, Current Mhz: 3600, Mhz Limit: 3600

Memory: 4k page, system-wide physical 32689M (1547M free)
TotalPageFile size 92107M (AvailPageFile size 224M)
current process WorkingSet (physical memory assigned to process): 13M, peak: 13M
current process commit charge ("private bytes"): 65M, peak: 577M

vm_info: OpenJDK 64-Bit Server VM (17.0.16+8) for windows-amd64 JRE (17.0.16+8), built on Jul 16 2025 10:37:56 by "admin" with MS VC++ 17.7 (VS2022)

END.
